../Core/Src/main.c:24:6:UART_init	1
../Core/Src/main.c:64:6:UART_Transmit	3
../Core/Src/main.c:73:9:UART_recieve	1
../Core/Src/main.c:79:6:UART_print_log	2
../Core/Src/main.c:87:6:UART_send_number	5
../Core/Src/main.c:112:6:UART_send_float	2
../Core/Src/main.c:124:6:Flash_erase_sector	6
../Core/Src/main.c:160:6:Flash_program	3
../Core/Src/main.c:188:6:USART2_IRQHandler	5
../Core/Src/main.c:214:6:I2C1_Master_Init	1
../Core/Src/main.c:264:6:I2C_master_transmit_magnetometer_init	6
../Core/Src/main.c:289:9:I2C1_Master_ReadRegister	8
../Core/Src/main.c:325:6:LSM303AGR_Magnetometer_ReadXYZ	1
../Core/Src/main.c:340:6:uart_print_navigation	19
../Core/Src/main.c:367:5:main	3
