../Core/Src/main.c:13:6:LedInit	16	static
../Core/Src/main.c:22:6:Led_ctrl	24	static
../Core/Src/main.c:34:6:SPI_master_init	64	static
../Core/Src/main.c:83:6:SPI_master_transmit	32	static
../Core/Src/main.c:114:6:I3G4250D_write_register	32	static
../Core/Src/main.c:144:9:I3G4250D_read_register	32	static
../Core/Src/main.c:172:6:I3G4250D_Write_Register	32	static
../Core/Src/main.c:199:9:I3G4250D_Read_Register	32	static
../Core/Src/main.c:228:6:I3G4250D_Init	8	static
../Core/Src/main.c:236:6:I3G4250D_ReadMulti	32	static
../Core/Src/main.c:268:6:I3G4250D_ReadGyroXYZ	32	static
../Core/Src/main.c:277:6:Check_Gyro_Shock	16	static
../Core/Src/main.c:300:5:main	8	static
