../Core/Src/main.c:19:6:LedInit	16	static
../Core/Src/main.c:29:6:LedCtrl	24	static
../Core/Src/main.c:44:6:UART_init	40	static
../Core/Src/main.c:83:6:UART_Transmit	24	static
../Core/Src/main.c:92:6:UART_recieve	16	static
../Core/Src/main.c:98:6:UART_print_log	24	static
../Core/Src/main.c:107:6:USART2_IRQHandler	16	static
../Core/Src/main.c:133:6:UART_send_number	40	static
../Core/Src/main.c:161:6:UART_send_float	24	static
../Core/Src/main.c:174:6:Temp_sensor_init	32	static
../Core/Src/main.c:192:7:Temp_sensor_read	32	static
../Core/Src/main.c:209:5:main	8	static
